Circuit: * C:\Users\nsukh\Desktop\ITMO-courses\Electronics\ELSch_lab2\LTS\lab2_task2.asc

.step v§eb=0.7
.step v§eb=0.72
.step v§eb=0.74
.step v§eb=0.76
.step v§eb=0.78

Date: Fri Dec 05 17:17:55 2025
Total elapsed time: 0.970 seconds.

tnom = 27
temp = 27
method = trap
totiter = 50043
traniter = 0
tranpoints = 0
accept = 0
rejected = 0
matrix size = 7
fillins = 0
solver = Normal
Matrix Compiler1: 312 bytes object code size  0.2/0.1/[0.1]
Matrix Compiler2: 515 bytes object code size  0.2/0.2/[0.1]

