Circuit: * C:\Users\nsukh\Desktop\ITMO-courses\Electronics\ELSch_lab2\LTS\lab2_task3.asc

Direct Newton iteration for .op point succeeded.
Semiconductor Device Operating Points:
                        --- Bipolar Transistors ---
Name:       q1
Model:   2sc4081ub
Ib:       1.71e-05
Ic:       4.81e-03
Vbe:      6.46e-01
Vbc:     -3.58e+00
Vce:      4.22e+00
BetaDC:   2.81e+02
Gm:       1.85e-01
Rpi:      1.51e+03
Rx:       1.39e+01
Ro:       2.43e+04
Cbe:      8.15e-11
Cbc:      2.19e-12
Cjs:      0.00e+00
BetaAC:   2.80e+02
Cbx:      0.00e+00
Ft:       3.51e+08



Date: Fri Dec 05 16:38:05 2025
Total elapsed time: 0.041 seconds.

tnom = 27
temp = 27
method = trap
totiter = 5
traniter = 0
tranpoints = 0
accept = 0
rejected = 0
matrix size = 8
fillins = 0
solver = Normal
Matrix Compiler1: 478 bytes object code size
Matrix Compiler2: 642 bytes object code size
