Circuit: * C:\Users\nsukh\Desktop\ITMO-courses\5_term\Electronics\ELSch_lab3\LTSpice\lab3_task2.asc

V1: Missing value, assumed 0V @ DC
.step v1=2.5
.step v1=2.9
.step v1=3.3
.step v1=3.7
.step v1=4

Date: Fri Feb 06 21:21:36 2026
Total elapsed time: 0.094 seconds.

tnom = 27
temp = 27
method = trap
totiter = 876
traniter = 0
tranpoints = 0
accept = 0
rejected = 0
matrix size = 8
fillins = 0
solver = Normal
Matrix Compiler1:      19 opcodes  0.1/[0.0]/0.0
Matrix Compiler2: 554 bytes object code size  0.0/0.1/[0.0]

